[
  {
    "trxIdPrefix": "trx4",
    "blockNum": 4,
    "cursor": "1:4::trx4",
    "Specific": {
      "Eos": {
        "actionIndexes": [
          0
        ]
      }
    },
    "irrBlockNum": 4
  },
  {
    "trxIdPrefix": "trx3",
    "blockNum": 3,
    "cursor": "1:3::trx3",
    "Specific": {
      "Eos": {
        "actionIndexes": [
          0
        ]
      }
    },
    "irrBlockNum": 3
  }
]