[
  {
    "trxIdPrefix": "trx4",
    "blockNum": 18,
    "cursor": "1:18::trx4",
    "Specific": {
      "Eos": {
        "actionIndexes": [
          0
        ]
      }
    },
    "irrBlockNum": 18
  }
]