[
  {
    "trxIdPrefix": "trx2",
    "blockNum": 5,
    "cursor": "1:5::trx2",
    "Specific": {
      "Eos": {
        "actionIndexes": [
          0
        ]
      }
    },
    "irrBlockNum": 5
  },
  {
    "trxIdPrefix": "trx3",
    "blockNum": 5,
    "cursor": "1:5::trx3",
    "Specific": {
      "Eos": {
        "actionIndexes": [
          0
        ]
      }
    },
    "irrBlockNum": 5
  },
  {
    "trxIdPrefix": "trx4",
    "blockNum": 5,
    "cursor": "1:5::trx4",
    "Specific": {
      "Eos": {
        "actionIndexes": [
          0
        ]
      }
    },
    "irrBlockNum": 5
  },
  {
    "trxIdPrefix": "trx5",
    "blockNum": 6,
    "cursor": "1:6::trx5",
    "Specific": {
      "Eos": {
        "actionIndexes": [
          0
        ]
      }
    },
    "irrBlockNum": 6
  }
]