[
  {
    "trxIdPrefix": "trx1",
    "blockNum": 4,
    "cursor": "1:4::trx1",
    "Specific": {
      "Eos": {
        "actionIndexes": [
          0
        ]
      }
    },
    "irrBlockNum": 4
  },
  {
    "trxIdPrefix": "trx3",
    "blockNum": 14,
    "cursor": "1:14::trx3",
    "Specific": {
      "Eos": {
        "actionIndexes": [
          0
        ]
      }
    },
    "irrBlockNum": 14
  }
]