[
  {
    "trxIdPrefix": "trx6",
    "blockNum": 6,
    "cursor": "1:6::trx6",
    "Specific": {
      "Eos": {
        "actionIndexes": [
          0
        ]
      }
    },
    "irrBlockNum": 6
  }
]