[
  {
    "trxIdPrefix": "trx2",
    "blockNum": 7,
    "cursor": "1:7::trx2",
    "Specific": {
      "Eos": {
        "actionIndexes": [
          0
        ]
      }
    },
    "irrBlockNum": 7
  }
]