[
  {
    "trxIdPrefix": "trx2",
    "blockNum": 5,
    "cursor": "1:5::trx2",
    "chainSpecific": {
      "type_url": "type.googleapis.com/dfuse.search.eos.v1.Match",
      "value": "CgEA"
    },
    "irrBlockNum": 5
  }
]