[
  {
    "trxIdPrefix": "trx2",
    "blockNum": 5,
    "cursor": "1:5::trx2",
    "Specific": {
      "Eos": {
        "actionIndexes": [
          0
        ]
      }
    },
    "irrBlockNum": 5
  },
  {
    "trxIdPrefix": "trx3",
    "blockNum": 5,
    "cursor": "1:5::trx3",
    "Specific": {
      "Eos": {
        "actionIndexes": [
          0
        ]
      }
    },
    "irrBlockNum": 5
  }
]