{
  "id": "0000001eeef8717882a1844f3f3b74a7492fe419f142d0c33b420ff0ec9f9648",
  "number": 30,
  "header": {
    "timestamp": "2019-05-21T17:14:13.500Z",
    "producer": "eosio",
    "previous": "0000001dc83e06d1af07f46793c4f7a461792839fbea8b23015ade9ceb58f870",
    "transactionMroot": "58427bb488e9177b920fffdad2dbd53da02157f55cfac866be50c06b109bd932",
    "actionMroot": "3b02b774c37fee8282e6c225312d37e5762b7d82a907c01230a568f8f3cb2516"
  },
  "producerSignature": "SIG_K1_K8nbbEeU1N5wTDBWN8TTd8Pxw6yNd3GsRVczDAnNJ5NiHaHafxfyirn83pjCYVgz7p3bvxcD3epu2RjUJFoGLVVVXJmZDY",
  "transactions": [
    {
      "id": "b1038fd7c2368b8fcf546d4c295cc952e35cd67ec3eb6f2eef43e394372e533b",
      "status": "TRANSACTIONSTATUS_HARDFAIL",
      "cpuUsageMicroSeconds": 4076
    }
  ],
  "transactionCount": 1,
  "dposProposedIrreversibleBlocknum": 30,
  "dposIrreversibleBlocknum": 29,
  "blockrootMerkle": {
    "nodeCount": 29,
    "activeNodes": [
      "0000001dc83e06d1af07f46793c4f7a461792839fbea8b23015ade9ceb58f870",
      "4161cf18499eeb82a9173aa80e7b5081a481cfb3cc40b5e722c97b67c736c14c",
      "9a564fdf2fb75119347460b08586e04c9cf77a42e9db3b9b94315623f7c73e1b",
      "904483e6bff3e54bcc45d56fac5d18c5b50669f3379b31aeb4121a5060d3a877",
      "6c0998cc7f2ef5470e3dd761e849fae01cbdd68024615a39cbbe0a73fde7374c"
    ]
  },
  "producerToLastProduced": [
    {
      "name": "eosio",
      "lastBlockNumProduced": 30
    }
  ],
  "producerToLastImpliedIrb": [
    {
      "name": "eosio",
      "lastBlockNumProduced": 29
    }
  ],
  "confirmCount": [
  ],
  "pendingSchedule": {
    "scheduleHash": "2f74e78d3382fdadcbbdb7b111ca91efeea4109d59ac94945951fca6c498aef6",
    "scheduleV1": {

    },
    "scheduleV2": {

    }
  },
  "activatedProtocolFeatures": {
    "protocolFeatures": [
    ]
  },
  "transactionTraces": [
    {
      "id": "b1038fd7c2368b8fcf546d4c295cc952e35cd67ec3eb6f2eef43e394372e533b",
      "blockNum": "30",
      "blockTime": "2019-05-21T17:14:13.500Z",
      "producerBlockId": "0000001eeef8717882a1844f3f3b74a7492fe419f142d0c33b420ff0ec9f9648",
      "receipt": {
        "status": "TRANSACTIONSTATUS_SOFTFAIL"
      },
      "scheduled": true,
      "actionTraces": [
        {
          "receiver": "battlefield1",
          "action": {
            "account": "battlefield1",
            "name": "dtrxexec",
            "authorization": [
              {
                "actor": "battlefield1",
                "permission": "active"
              }
            ],
            "jsonData": "{\"account\":\"battlefield1\",\"fail\":1,\"failNested\":0,\"nonce\":\"1\"}",
            "rawData": "1052546ea998b33901000131"
          },
          "transactionId": "b1038fd7c2368b8fcf546d4c295cc952e35cd67ec3eb6f2eef43e394372e533b",
          "blockNum": "30",
          "producerBlockId": "0000001eeef8717882a1844f3f3b74a7492fe419f142d0c33b420ff0ec9f9648",
          "blockTime": "2019-05-21T17:14:13.500Z",
          "exception": {
            "code": 3050003,
            "name": "eosio_assert_message_exception",
            "message": "eosio_assert_message assertion failure",
            "stack": [
              {
                "context": {
                  "level": "error",
                  "file": "wasm_interface.cpp",
                  "method": "eosio_assert",
                  "threadName": "thread-0",
                  "timestamp": "3333-12-31T23:59:59.999Z"
                },
                "format": "assertion failure with message: ${s}",
                "data": "7b2273223a22647472786578656320696e737472756374656420746f206661696c227d"
              },
              {
                "context": {
                  "level": "warn",
                  "file": "wavm.cpp",
                  "method": "call",
                  "threadName": "thread-0",
                  "timestamp": "3333-12-31T23:59:59.999Z"
                },
                "data": "7b7d"
              },
              {
                "context": {
                  "level": "warn",
                  "file": "apply_context.cpp",
                  "method": "exec_one",
                  "threadName": "thread-0",
                  "timestamp": "3333-12-31T23:59:59.999Z"
                },
                "format": "pending console output: ${console}",
                "data": "7b22636f6e736f6c65223a22227d"
              }
            ]
          },
          "errorCode": "10000000000000000000",
          "actionOrdinal": 1
        }
      ],
      "exception": {
        "code": 3050003,
        "name": "eosio_assert_message_exception",
        "message": "eosio_assert_message assertion failure",
        "stack": [
          {
            "context": {
              "level": "error",
              "file": "wasm_interface.cpp",
              "method": "eosio_assert",
              "threadName": "thread-0",
              "timestamp": "3333-12-31T23:59:59.999Z"
            },
            "format": "assertion failure with message: ${s}",
            "data": "7b2273223a22647472786578656320696e737472756374656420746f206661696c227d"
          },
          {
            "context": {
              "level": "warn",
              "file": "wavm.cpp",
              "method": "call",
              "threadName": "thread-0",
              "timestamp": "3333-12-31T23:59:59.999Z"
            },
            "data": "7b7d"
          },
          {
            "context": {
              "level": "warn",
              "file": "apply_context.cpp",
              "method": "exec_one",
              "threadName": "thread-0",
              "timestamp": "3333-12-31T23:59:59.999Z"
            },
            "format": "pending console output: ${console}",
            "data": "7b22636f6e736f6c65223a22227d"
          }
        ]
      },
      "errorCode": "10000000000000000000",
      "ramOps": [
        {
          "operation": "OPERATION_DEFERRED_TRX_REMOVED",
          "payer": "battlefield1",
          "delta": "-334",
          "usage": "306048",
          "namespace": "NAMESPACE_DEFERRED_TRX",
          "uniqueKey": "3",
          "action": "ACTION_REMOVE"
        }
      ]
    },
    {
      "id": "430786f4b7bcc279240362c097961aa3b2e9127c6f15a854463cf3b0a17bb018",
      "blockNum": "30",
      "index": "1",
      "blockTime": "2019-05-21T17:14:13.500Z",
      "producerBlockId": "0000001eeef8717882a1844f3f3b74a7492fe419f142d0c33b420ff0ec9f9648",
      "receipt": {
        "status": "TRANSACTIONSTATUS_HARDFAIL",
        "cpuUsageMicroSeconds": 4076
      },
      "actionTraces": [
        {
          "receiver": "battlefield1",
          "action": {
            "account": "eosio",
            "name": "onerror",
            "authorization": [
              {
                "actor": "battlefield1",
                "permission": "active"
              }
            ],
            "jsonData": "{\"sender_id\":\"0x88776655443322118877665544332211\",\"sent_trx\":\"e531e45c1b008a8e5fc800000100011052546ea998b3390000004875d56f4e011052546ea998b33900000000a8ed32320c1052546ea998b3390100013100\"}",
            "rawData": "887766554433221188776655443322113ee531e45c1b008a8e5fc800000100011052546ea998b3390000004875d56f4e011052546ea998b33900000000a8ed32320c1052546ea998b3390100013100"
          },
          "transactionId": "430786f4b7bcc279240362c097961aa3b2e9127c6f15a854463cf3b0a17bb018",
          "blockNum": "30",
          "producerBlockId": "0000001eeef8717882a1844f3f3b74a7492fe419f142d0c33b420ff0ec9f9648",
          "blockTime": "2019-05-21T17:14:13.500Z",
          "exception": {
            "code": 3050004,
            "name": "eosio_assert_code_exception",
            "message": "eosio_assert_code assertion failure",
            "stack": [
              {
                "context": {
                  "level": "error",
                  "file": "wasm_interface.cpp",
                  "method": "eosio_assert_code",
                  "threadName": "thread-0",
                  "timestamp": "3333-12-31T23:59:59.999Z"
                },
                "format": "assertion failure with error code: ${error_code}",
                "data": "7b226572726f725f636f6465223a2238303030303030303030303030303030303031227d"
              },
              {
                "context": {
                  "level": "warn",
                  "file": "wavm.cpp",
                  "method": "call",
                  "threadName": "thread-0",
                  "timestamp": "3333-12-31T23:59:59.999Z"
                },
                "data": "7b7d"
              },
              {
                "context": {
                  "level": "warn",
                  "file": "apply_context.cpp",
                  "method": "exec_one",
                  "threadName": "thread-0",
                  "timestamp": "3333-12-31T23:59:59.999Z"
                },
                "format": "pending console output: ${console}",
                "data": "7b22636f6e736f6c65223a22227d"
              }
            ]
          },
          "errorCode": "8000000000000000001",
          "actionOrdinal": 1
        }
      ],
      "failedDtrxTrace": {
        "id": "b1038fd7c2368b8fcf546d4c295cc952e35cd67ec3eb6f2eef43e394372e533b",
        "blockNum": "30",
        "blockTime": "2019-05-21T17:14:13.500Z",
        "producerBlockId": "0000001eeef8717882a1844f3f3b74a7492fe419f142d0c33b420ff0ec9f9648",
        "receipt": {
          "status": "TRANSACTIONSTATUS_SOFTFAIL"
        },
        "scheduled": true,
        "actionTraces": [
          {
            "receiver": "battlefield1",
            "action": {
              "account": "battlefield1",
              "name": "dtrxexec",
              "authorization": [
                {
                  "actor": "battlefield1",
                  "permission": "active"
                }
              ],
              "jsonData": "{\"account\":\"battlefield1\",\"fail\":1,\"failNested\":0,\"nonce\":\"1\"}",
              "rawData": "1052546ea998b33901000131"
            },
            "transactionId": "b1038fd7c2368b8fcf546d4c295cc952e35cd67ec3eb6f2eef43e394372e533b",
            "blockNum": "30",
            "producerBlockId": "0000001eeef8717882a1844f3f3b74a7492fe419f142d0c33b420ff0ec9f9648",
            "blockTime": "2019-05-21T17:14:13.500Z",
            "exception": {
              "code": 3050003,
              "name": "eosio_assert_message_exception",
              "message": "eosio_assert_message assertion failure",
              "stack": [
                {
                  "context": {
                    "level": "error",
                    "file": "wasm_interface.cpp",
                    "method": "eosio_assert",
                    "threadName": "thread-0",
                    "timestamp": "3333-12-31T23:59:59.999Z"
                  },
                  "format": "assertion failure with message: ${s}",
                  "data": "7b2273223a22647472786578656320696e737472756374656420746f206661696c227d"
                },
                {
                  "context": {
                    "level": "warn",
                    "file": "wavm.cpp",
                    "method": "call",
                    "threadName": "thread-0",
                    "timestamp": "3333-12-31T23:59:59.999Z"
                  },
                  "data": "7b7d"
                },
                {
                  "context": {
                    "level": "warn",
                    "file": "apply_context.cpp",
                    "method": "exec_one",
                    "threadName": "thread-0",
                    "timestamp": "3333-12-31T23:59:59.999Z"
                  },
                  "format": "pending console output: ${console}",
                  "data": "7b22636f6e736f6c65223a22227d"
                }
              ]
            },
            "errorCode": "10000000000000000000",
            "actionOrdinal": 1
          }
        ],
        "exception": {
          "code": 3050003,
          "name": "eosio_assert_message_exception",
          "message": "eosio_assert_message assertion failure",
          "stack": [
            {
              "context": {
                "level": "error",
                "file": "wasm_interface.cpp",
                "method": "eosio_assert",
                "threadName": "thread-0",
                "timestamp": "3333-12-31T23:59:59.999Z"
              },
              "format": "assertion failure with message: ${s}",
              "data": "7b2273223a22647472786578656320696e737472756374656420746f206661696c227d"
            },
            {
              "context": {
                "level": "warn",
                "file": "wavm.cpp",
                "method": "call",
                "threadName": "thread-0",
                "timestamp": "3333-12-31T23:59:59.999Z"
              },
              "data": "7b7d"
            },
            {
              "context": {
                "level": "warn",
                "file": "apply_context.cpp",
                "method": "exec_one",
                "threadName": "thread-0",
                "timestamp": "3333-12-31T23:59:59.999Z"
              },
              "format": "pending console output: ${console}",
              "data": "7b22636f6e736f6c65223a22227d"
            }
          ]
        },
        "errorCode": "10000000000000000000",
        "ramOps": [
          {
            "operation": "OPERATION_DEFERRED_TRX_REMOVED",
            "payer": "battlefield1",
            "delta": "-334",
            "usage": "306048",
            "namespace": "NAMESPACE_DEFERRED_TRX",
            "uniqueKey": "3",
            "action": "ACTION_REMOVE"
          }
        ]
      },
      "exception": {
        "code": 3050004,
        "name": "eosio_assert_code_exception",
        "message": "eosio_assert_code assertion failure",
        "stack": [
          {
            "context": {
              "level": "error",
              "file": "wasm_interface.cpp",
              "method": "eosio_assert_code",
              "threadName": "thread-0",
              "timestamp": "3333-12-31T23:59:59.999Z"
            },
            "format": "assertion failure with error code: ${error_code}",
            "data": "7b226572726f725f636f6465223a2238303030303030303030303030303030303031227d"
          },
          {
            "context": {
              "level": "warn",
              "file": "wavm.cpp",
              "method": "call",
              "threadName": "thread-0",
              "timestamp": "3333-12-31T23:59:59.999Z"
            },
            "data": "7b7d"
          },
          {
            "context": {
              "level": "warn",
              "file": "apply_context.cpp",
              "method": "exec_one",
              "threadName": "thread-0",
              "timestamp": "3333-12-31T23:59:59.999Z"
            },
            "format": "pending console output: ${console}",
            "data": "7b22636f6e736f6c65223a22227d"
          }
        ]
      },
      "errorCode": "8000000000000000001",
      "rlimitOps": [
        {
          "operation": "OPERATION_UPDATE",
          "accountUsage": {
            "owner": "battlefield1",
            "netUsage": {
              "valueEx": "196157",
              "consumed": "1"
            },
            "cpuUsage": {
              "valueEx": "450743",
              "consumed": "1380"
            },
            "ramUsage": "314758"
          }
        }
      ]
    }
  ],
  "transactionTraceCount": 2,
  "executeInputActionCount": 2,
  "executedTotalActionCount": 2,
  "blockSigningKey": "EOS5MHPYyhjBjnQZejzZHqHewPWhGTfQWSVTWYEhDmJu4SXkzgweP",
  "activeScheduleV1": {
    "producers": [
      {
        "accountName": "eosio",
        "blockSigningKey": "EOS5MHPYyhjBjnQZejzZHqHewPWhGTfQWSVTWYEhDmJu4SXkzgweP"
      }
    ]
  }
}