{"inline_traces":[{"inline_traces":[],"action_ordinal":3,"creator_action_ordinal":2,"closest_unnotified_ancestor_action_ordinal":2,"receipt":{"receiver":"notified1","act_digest":"220dddaebd4bdce5da987b832c6d7bb4fa1a34b16e92472cb96cf28f28987cf5","global_sequence":133,"recv_sequence":1,"auth_sequence":[["battlefield1",28]],"code_sequence":1,"abi_sequence":1},"receiver":"notified1","act":{"account":"battlefield1","name":"creaorder","authorization":[{"actor":"battlefield1","permission":"active"}],"data":{"n1":"notified1","n2":"notified2","n3":"notified3","n4":"notified4","n5":"notified5"},"hex_data":"00000849b9e5329d00001049b9e5329d00001849b9e5329d00002049b9e5329d00002849b9e5329d"},"context_free":false,"elapsed":71,"console":"","trx_id":"8e77ac66db9fc15899e9c518682424c14c195331800e24f03c36ef946c0689eb","block_num":48,"block_time":"2019-05-14T19:56:14.500","producer_block_id":"","account_ram_deltas":[]},{"inline_traces":[],"action_ordinal":5,"creator_action_ordinal":2,"closest_unnotified_ancestor_action_ordinal":2,"receipt":{"receiver":"notified2","act_digest":"220dddaebd4bdce5da987b832c6d7bb4fa1a34b16e92472cb96cf28f28987cf5","global_sequence":134,"recv_sequence":1,"auth_sequence":[["battlefield1",29]],"code_sequence":1,"abi_sequence":1},"receiver":"notified2","act":{"account":"battlefield1","name":"creaorder","authorization":[{"actor":"battlefield1","permission":"active"}],"data":{"n1":"notified1","n2":"notified2","n3":"notified3","n4":"notified4","n5":"notified5"},"hex_data":"00000849b9e5329d00001049b9e5329d00001849b9e5329d00002049b9e5329d00002849b9e5329d"},"context_free":false,"elapsed":881,"console":"","trx_id":"8e77ac66db9fc15899e9c518682424c14c195331800e24f03c36ef946c0689eb","block_num":48,"block_time":"2019-05-14T19:56:14.500","producer_block_id":"","account_ram_deltas":[]},{"inline_traces":[],"action_ordinal":9,"creator_action_ordinal":5,"closest_unnotified_ancestor_action_ordinal":2,"receipt":{"receiver":"notified3","act_digest":"220dddaebd4bdce5da987b832c6d7bb4fa1a34b16e92472cb96cf28f28987cf5","global_sequence":135,"recv_sequence":1,"auth_sequence":[["battlefield1",30]],"code_sequence":1,"abi_sequence":1},"receiver":"notified3","act":{"account":"battlefield1","name":"creaorder","authorization":[{"actor":"battlefield1","permission":"active"}],"data":{"n1":"notified1","n2":"notified2","n3":"notified3","n4":"notified4","n5":"notified5"},"hex_data":"00000849b9e5329d00001049b9e5329d00001849b9e5329d00002049b9e5329d00002849b9e5329d"},"context_free":false,"elapsed":65,"console":"","trx_id":"8e77ac66db9fc15899e9c518682424c14c195331800e24f03c36ef946c0689eb","block_num":48,"block_time":"2019-05-14T19:56:14.500","producer_block_id":"","account_ram_deltas":[]},{"inline_traces":[],"action_ordinal":6,"creator_action_ordinal":2,"closest_unnotified_ancestor_action_ordinal":2,"receipt":{"receiver":"eosio.null","act_digest":"495c05ccda67e6bed61f84bc24e2c672ce0f98d5793b2240c0d9729abc7737f4","global_sequence":136,"recv_sequence":2,"auth_sequence":[],"code_sequence":0,"abi_sequence":0},"receiver":"eosio.null","act":{"account":"eosio.null","name":"nonce","authorization":[],"hex_data":"026332"},"context_free":true,"elapsed":31,"console":"","trx_id":"8e77ac66db9fc15899e9c518682424c14c195331800e24f03c36ef946c0689eb","block_num":48,"block_time":"2019-05-14T19:56:14.500","producer_block_id":"","account_ram_deltas":[]},{"inline_traces":[],"action_ordinal":8,"creator_action_ordinal":5,"closest_unnotified_ancestor_action_ordinal":2,"receipt":{"receiver":"eosio.null","act_digest":"ed0112b81d9f579a190f9d7857aece63898ed8321c3cd8c7b4bf255b2c4305a5","global_sequence":137,"recv_sequence":3,"auth_sequence":[],"code_sequence":0,"abi_sequence":0},"receiver":"eosio.null","act":{"account":"eosio.null","name":"nonce","authorization":[],"hex_data":"026331"},"context_free":true,"elapsed":28,"console":"","trx_id":"8e77ac66db9fc15899e9c518682424c14c195331800e24f03c36ef946c0689eb","block_num":48,"block_time":"2019-05-14T19:56:14.500","producer_block_id":"","account_ram_deltas":[]},{"inline_traces":[{"inline_traces":[],"action_ordinal":10,"creator_action_ordinal":4,"closest_unnotified_ancestor_action_ordinal":4,"receipt":{"receiver":"notified4","act_digest":"932f1ee2cc65381edeaf6f9a3100b1c1add2c702a4693faabd149bc77333201b","global_sequence":139,"recv_sequence":1,"auth_sequence":[["battlefield1",32]],"code_sequence":1,"abi_sequence":1},"receiver":"notified4","act":{"account":"battlefield1","name":"inlinedeep","authorization":[{"actor":"battlefield1","permission":"active"}],"data":{"n4":"notified4","n5":"notified5","nestedCfaInlineTag":"c3","nestedInlineFail":0,"nestedInlineTag":"i3","tag":"i2"},"hex_data":"02693200002049b9e5329d00002849b9e5329d02693300026333"},"context_free":false,"elapsed":66,"console":"","trx_id":"8e77ac66db9fc15899e9c518682424c14c195331800e24f03c36ef946c0689eb","block_num":48,"block_time":"2019-05-14T19:56:14.500","producer_block_id":"","account_ram_deltas":[]},{"inline_traces":[],"action_ordinal":11,"creator_action_ordinal":4,"closest_unnotified_ancestor_action_ordinal":4,"receipt":{"receiver":"notified5","act_digest":"932f1ee2cc65381edeaf6f9a3100b1c1add2c702a4693faabd149bc77333201b","global_sequence":140,"recv_sequence":1,"auth_sequence":[["battlefield1",33]],"code_sequence":1,"abi_sequence":1},"receiver":"notified5","act":{"account":"battlefield1","name":"inlinedeep","authorization":[{"actor":"battlefield1","permission":"active"}],"data":{"n4":"notified4","n5":"notified5","nestedCfaInlineTag":"c3","nestedInlineFail":0,"nestedInlineTag":"i3","tag":"i2"},"hex_data":"02693200002049b9e5329d00002849b9e5329d02693300026333"},"context_free":false,"elapsed":59,"console":"","trx_id":"8e77ac66db9fc15899e9c518682424c14c195331800e24f03c36ef946c0689eb","block_num":48,"block_time":"2019-05-14T19:56:14.500","producer_block_id":"","account_ram_deltas":[]},{"inline_traces":[],"action_ordinal":13,"creator_action_ordinal":4,"closest_unnotified_ancestor_action_ordinal":4,"receipt":{"receiver":"eosio.null","act_digest":"569a41714bfd4f1804acb9f4fa4b7f2347164cf2e6e8672e572a067784c97148","global_sequence":141,"recv_sequence":4,"auth_sequence":[],"code_sequence":0,"abi_sequence":0},"receiver":"eosio.null","act":{"account":"eosio.null","name":"nonce","authorization":[],"hex_data":"026333"},"context_free":true,"elapsed":30,"console":"","trx_id":"8e77ac66db9fc15899e9c518682424c14c195331800e24f03c36ef946c0689eb","block_num":48,"block_time":"2019-05-14T19:56:14.500","producer_block_id":"","account_ram_deltas":[]},{"inline_traces":[],"action_ordinal":12,"creator_action_ordinal":4,"closest_unnotified_ancestor_action_ordinal":4,"receipt":{"receiver":"battlefield1","act_digest":"f3e6869568f852f126f014033b1b849db82bfc01b4ceb880b2301f6f5312bf7d","global_sequence":142,"recv_sequence":18,"auth_sequence":[["battlefield1",34]],"code_sequence":1,"abi_sequence":1},"receiver":"battlefield1","act":{"account":"battlefield1","name":"inlineempty","authorization":[{"actor":"battlefield1","permission":"active"}],"data":{"fail":0,"tag":"i3"},"hex_data":"02693300"},"context_free":false,"elapsed":151,"console":"","trx_id":"8e77ac66db9fc15899e9c518682424c14c195331800e24f03c36ef946c0689eb","block_num":48,"block_time":"2019-05-14T19:56:14.500","producer_block_id":"","account_ram_deltas":[]}],"action_ordinal":4,"creator_action_ordinal":2,"closest_unnotified_ancestor_action_ordinal":2,"receipt":{"receiver":"battlefield1","act_digest":"932f1ee2cc65381edeaf6f9a3100b1c1add2c702a4693faabd149bc77333201b","global_sequence":138,"recv_sequence":17,"auth_sequence":[["battlefield1",31]],"code_sequence":1,"abi_sequence":1},"receiver":"battlefield1","act":{"account":"battlefield1","name":"inlinedeep","authorization":[{"actor":"battlefield1","permission":"active"}],"data":{"n4":"notified4","n5":"notified5","nestedCfaInlineTag":"c3","nestedInlineFail":0,"nestedInlineTag":"i3","tag":"i2"},"hex_data":"02693200002049b9e5329d00002849b9e5329d02693300026333"},"context_free":false,"elapsed":1007,"console":"","trx_id":"8e77ac66db9fc15899e9c518682424c14c195331800e24f03c36ef946c0689eb","block_num":48,"block_time":"2019-05-14T19:56:14.500","producer_block_id":"","account_ram_deltas":[]}],"action_ordinal":2,"creator_action_ordinal":0,"closest_unnotified_ancestor_action_ordinal":0,"receipt":{"receiver":"battlefield1","act_digest":"220dddaebd4bdce5da987b832c6d7bb4fa1a34b16e92472cb96cf28f28987cf5","global_sequence":132,"recv_sequence":16,"auth_sequence":[["battlefield1",27]],"code_sequence":1,"abi_sequence":1},"receiver":"battlefield1","act":{"account":"battlefield1","name":"creaorder","authorization":[{"actor":"battlefield1","permission":"active"}],"data":{"n1":"notified1","n2":"notified2","n3":"notified3","n4":"notified4","n5":"notified5"},"hex_data":"00000849b9e5329d00001049b9e5329d00001849b9e5329d00002049b9e5329d00002849b9e5329d"},"context_free":false,"elapsed":1083,"console":"","trx_id":"8e77ac66db9fc15899e9c518682424c14c195331800e24f03c36ef946c0689eb","block_num":48,"block_time":"2019-05-14T19:56:14.500","producer_block_id":"","account_ram_deltas":[]}