{
  "Accounts": null,
  "Blocks": [
    {
      "Key": "fffffffda",
      "FamilyColumn": "block:proto",
      "Value": {
        "dposIrreversibleBlocknum": 1,
        "header": {
          "previous": "00000001a",
          "producer": "tester",
          "timestamp": "2006-01-02T15:04:05.500Z"
        },
        "id": "00000002a",
        "number": 2
      }
    },
    {
      "Key": "fffffffda",
      "FamilyColumn": "trxs:traceRefsProto",
      "Value": {
        "hashes": [
          "a1"
        ]
      }
    },
    {
      "Key": "fffffffda",
      "FamilyColumn": "trxs:trxRefsProto",
      "Value": {}
    }
  ],
  "Timeline": null,
  "Transactions": [
    {
      "Key": "a1:00000002a",
      "FamilyColumn": "meta:blockheader",
      "Value": {
        "previous": "00000001a",
        "producer": "tester",
        "timestamp": "2006-01-02T15:04:05.500Z"
      }
    },
    {
      "Key": "a1:00000002a",
      "FamilyColumn": "meta:written",
      "Value": "\u0001"
    },
    {
      "Key": "a1:00000002a",
      "FamilyColumn": "trace:proto",
      "Value": {
        "dtrxOps": [
          {
            "operation": "OPERATION_PUSH_CREATE",
            "transaction": {},
            "transactionId": "a2"
          }
        ],
        "id": "a1"
      }
    },
    {
      "Key": "a2:00000002a",
      "FamilyColumn": "dtrx:created-by",
      "Value": {
        "blockId": "00000002a",
        "blockNum": "2",
        "blockTime": "2006-01-02T15:04:05.500Z",
        "dtrxOp": {
          "operation": "OPERATION_PUSH_CREATE",
          "transaction": {},
          "transactionId": "a2"
        },
        "sourceTransactionId": "a1"
      }
    },
    {
      "Key": "a2:00000002a",
      "FamilyColumn": "meta:written",
      "Value": "\u0001"
    },
    {
      "Key": "a2:00000002a",
      "FamilyColumn": "trx:proto",
      "Value": {}
    }
  ]
}