{
  "Accounts": null,
  "Blocks": [
    {
      "Key": "fffffffda",
      "FamilyColumn": "block:proto",
      "Value": {
        "dposIrreversibleBlocknum": 1,
        "header": {
          "previous": "00000001a",
          "producer": "tester",
          "timestamp": "2006-01-02T15:04:05.500Z"
        },
        "id": "00000002a",
        "number": 2
      }
    },
    {
      "Key": "fffffffda",
      "FamilyColumn": "trxs:traceRefsProto",
      "Value": {}
    },
    {
      "Key": "fffffffda",
      "FamilyColumn": "trxs:trxRefsProto",
      "Value": {}
    }
  ],
  "Timeline": null,
  "Transactions": null
}